(1:1)	CHAR	'!'	!
(2:1)	CHAR	'"'	"
(3:1)	CHAR	'#'	#
(4:1)	CHAR	'$'	$
(5:1)	CHAR	'%'	%
(6:1)	CHAR	'&'	&
(7:1)	CHAR	'('	(
(8:1)	CHAR	')'	)
(9:1)	CHAR	'*'	*
(10:1)	CHAR	'+'	+
(11:1)	CHAR	','	,
(12:1)	CHAR	'-'	-
(13:1)	CHAR	'.'	.
(14:1)	CHAR	'/'	/
(15:1)	CHAR	'0'	0
(16:1)	CHAR	'1'	1
(17:1)	CHAR	'2'	2
(18:1)	CHAR	'3'	3
(19:1)	CHAR	'4'	4
(20:1)	CHAR	'5'	5
(21:1)	CHAR	'6'	6
(22:1)	CHAR	'7'	7
(23:1)	CHAR	'8'	8
(24:1)	CHAR	'9'	9
(25:1)	CHAR	':'	:
(26:1)	CHAR	';'	;
(27:1)	CHAR	'<'	<
(28:1)	CHAR	'='	=
(29:1)	CHAR	'>'	>
(30:1)	CHAR	'?'	?
(31:1)	CHAR	'@'	@
(32:1)	CHAR	'A'	A
(33:1)	CHAR	'B'	B
(34:1)	CHAR	'C'	C
(35:1)	CHAR	'D'	D
(36:1)	CHAR	'E'	E
(37:1)	CHAR	'F'	F
(38:1)	CHAR	'G'	G
(39:1)	CHAR	'H'	H
(40:1)	CHAR	'I'	I
(41:1)	CHAR	'J'	J
(42:1)	CHAR	'K'	K
(43:1)	CHAR	'L'	L
(44:1)	CHAR	'M'	M
(45:1)	CHAR	'N'	N
(46:1)	CHAR	'O'	O
(47:1)	CHAR	'P'	P
(48:1)	CHAR	'Q'	Q
(49:1)	CHAR	'R'	R
(50:1)	CHAR	'S'	S
(51:1)	CHAR	'T'	T
(52:1)	CHAR	'U'	U
(53:1)	CHAR	'V'	V
(54:1)	CHAR	'W'	W
(55:1)	CHAR	'X'	X
(56:1)	CHAR	'Y'	Y
(57:1)	CHAR	'Z'	Z
(58:1)	CHAR	'['	[
(59:1)	CHAR	']'	]
(60:1)	CHAR	'^'	^
(61:1)	CHAR	'_'	_
(62:1)	CHAR	'`'	`
(63:1)	CHAR	'a'	a
(64:1)	CHAR	'b'	b
(65:1)	CHAR	'c'	c
(66:1)	CHAR	'd'	d
(67:1)	CHAR	'e'	e
(68:1)	CHAR	'f'	f
(69:1)	CHAR	'g'	g
(70:1)	CHAR	'h'	h
(71:1)	CHAR	'i'	i
(72:1)	CHAR	'j'	j
(73:1)	CHAR	'k'	k
(74:1)	CHAR	'l'	l
(75:1)	CHAR	'm'	m
(76:1)	CHAR	'n'	n
(77:1)	CHAR	'o'	o
(78:1)	CHAR	'p'	p
(79:1)	CHAR	'q'	q
(80:1)	CHAR	'r'	r
(81:1)	CHAR	's'	s
(82:1)	CHAR	't'	t
(83:1)	CHAR	'u'	u
(84:1)	CHAR	'v'	v
(85:1)	CHAR	'w'	w
(86:1)	CHAR	'x'	x
(87:1)	CHAR	'y'	y
(88:1)	CHAR	'z'	z
(89:1)	CHAR	'{'	{
(90:1)	CHAR	'|'	|
(91:1)	CHAR	'}'	}
(92:1)	CHAR	'~'	~
