(1:1)	INT	100LU	100	ULONG
(2:1)	INT	100lu	100	ULONG
(3:1)	INT	0144Lu	100	ULONG
(4:1)	INT	0144uL	100	ULONG
(5:1)	INT	0x64lU	100	ULONG
(6:1)	INT	0x64Ul	100	ULONG
(7:1)	INT	100UL	100	ULONG
(8:1)	INT	100ul	100	ULONG
