\-COMPOUNDSTAT
  |-DECLLIST
  | |-DECL
  | | |-DECLSPEC
  | | | |-INT
  | | \-INITDECLARATORLIST
  | |-DECL
  | | |-DECLSPEC
  | | | |-INT
  | | \-INITDECLARATORLIST
  | |   \-INITDECLARATOR
  | |     \-DECLARATOR
  | |       \-a
  | |-DECL
  | | |-DECLSPEC
  | | | |-CONST
  | | | \-DECLSPEC
  | | |   |-INT
  | | \-INITDECLARATORLIST
  | |   \-INITDECLARATOR
  | |     \-DECLARATOR
  | |       \-b
  | |-DECL
  | | |-DECLSPEC
  | | | |-AUTO
  | | \-INITDECLARATORLIST
  | |   \-INITDECLARATOR
  | |     |-DECLARATOR
  | |     | \-c
  | |     \-"123s"
  | |-DECL
  | | |-DECLSPEC
  | | | |-INT
  | | \-INITDECLARATORLIST
  | |   \-INITDECLARATOR
  | |     \-DECLARATOR
  | |       |-POINTER
  | |       \-b
  | |-DECL
  | | |-DECLSPEC
  | | | |-INT
  | | \-INITDECLARATORLIST
  | |   \-INITDECLARATOR
  | |     \-DECLARATOR
  | |       |-POINTER
  | |       \-DECLARATOR
  | |         \-c
  | |-DECL
  | | |-DECLSPEC
  | | | |-INT
  | | \-INITDECLARATORLIST
  | |   \-INITDECLARATOR
  | |     \-DECLARATOR
  | |       \-ARRAY
  | |         |-d
  | |         \-0
  | |-DECL
  | | |-DECLSPEC
  | | | |-INT
  | | \-INITDECLARATORLIST
  | |   \-INITDECLARATOR
  | |     \-DECLARATOR
  | |       \-ARRAY
  | |         |-e
  | |         \-EMPTY
  | |-DECL
  | | |-DECLSPEC
  | | | |-INT
  | | \-INITDECLARATORLIST
  | |   \-INITDECLARATOR
  | |     \-DECLARATOR
  | |       \-FUNC
  | |         |-f
  | |         \-EMPTY
  | |-DECL
  | | |-DECLSPEC
  | | | |-INT
  | | \-INITDECLARATORLIST
  | |   \-INITDECLARATOR
  | |     \-DECLARATOR
  | |       \-FUNC
  | |         |-g
  | |         \-PARAMLIST
  | |           \-PARAMDECLARATOR
  | |             |-DECLSPEC
  | |             | |-INT
  | |             \-DECLARATOR
  | |               \-h
  | |-DECL
  | | |-DECLSPEC
  | | | |-INT
  | | \-INITDECLARATORLIST
  | |   \-INITDECLARATOR
  | |     \-DECLARATOR
  | |       \-FUNC
  | |         |-i
  | |         \-IDLIST
  | |           |-g
  | |           \-k
  | |-DECL
  | | |-DECLSPEC
  | | | |-DOUBLE
  | | \-INITDECLARATORLIST
  | |   \-INITDECLARATOR
  | |     \-DECLARATOR
  | |       |-POINTER
  | |       | \-POINTER
  | |       \-l
  | |-DECL
  | | |-DECLSPEC
  | | | |-FLOAT
  | | \-INITDECLARATORLIST
  | |   \-INITDECLARATOR
  | |     \-DECLARATOR
  | |       |-POINTER
  | |       | |-TYPEQUALIFIERLIST
  | |       | | \-CONST
  | |       \-m
  | \-DECL
  |   |-DECLSPEC
  |   | |-CHAR
  |   \-INITDECLARATORLIST
  |     \-INITDECLARATOR
  |       \-DECLARATOR
  |         \-ARRAY
  |           |-FUNC
  |           | |-n
  |           | \-EMPTY
  |           \-EMPTY

