(1:4): syntax error: expected operator LRBRACKET, received 
