(2:1): syntax error: expected operator SEMICOLON, received 
