\-FOR
  |-EMPTY
  |-EMPTY
  |-PREFIX DEC
  | \-i
  \-ASSIGN
    |-a
    \-1

