\-FOR
  |-EMPTY
  |-EMPTY
  |-EMPTY
  \-ASSIGN
    |-a
    \-1

