\-MULT
  |-SUB
  | |-a
  | \-b
  \-ADD
    |-INT
    | \-LONG
    |   \-c
    \-RARROW
      |-g
      \-next

