\-MULT
  |-a
  \-DIV
    |-b
    | \-INC
    \-MOD
      |-INT
      | \-c
      \-n
        |-DOT
        \-m

