(2:1): syntax error: expected token IDENTIFIER, received EOF
