(2:1): syntax error: expected operator COLON, received 
