\-AND
  |-MORE
  | |-a
  | \-1
  \-EQ
    |-b
    \-1

