\-MOD
  |-DIV
  | |-MULT
  | | |-a
  | | \-POSTFIX INC
  | |   \-b
  | \-c
  \-.
    |-n
    \-m

