\-TRANSLATIONUNIT
  |-FUNC
  | |-DECLSPEC
  | | |-INT
  | |-INITDECLARATOR
  | | \-DECLARATOR
  | |   \-FUNC
  | |     |-main
  | |     \-EMPTY
  | \-COMPOUNDSTAT
  |   \-STATLIST
  |     \-RETURN
  |       \-0
  |-DECL
  | |-DECLSPEC
  | | |-INT
  | \-INITDECLARATORLIST
  |   \-INITDECLARATOR
  |     \-DECLARATOR
  |       \-FUNC
  |         |-main
  |         \-EMPTY
  |-DECL
  | |-DECLSPEC
  | | |-INT
  | \-INITDECLARATORLIST
  |   \-INITDECLARATOR
  |     \-DECLARATOR
  |       \-FUNC
  |         |-main
  |         \-PARAMLIST
  |           \-PARAMDECLARATOR
  |             |-DECLSPEC
  |             | |-INT
  |             \-DECLARATOR
  |               \-x
  |-DECL
  | |-DECLSPEC
  | | |-INT
  | \-INITDECLARATORLIST
  |   \-INITDECLARATOR
  |     \-DECLARATOR
  |       \-FUNC
  |         |-main
  |         \-IDLIST
  |           \-x
  \-FUNC
    |-INITDECLARATOR
    | \-DECLARATOR
    |   \-FUNC
    |     |-main
    |     \-EMPTY
    \-COMPOUNDSTAT

