\-TRANSLATIONUNIT
  |-DECL
  | |-DECLSPEC
  | | |-STRUCTSPEC
  | | | |-a
  | | | \-STRUCTDECLLIST
  | | |   \-STRUCTDECL
  | | |     |-DECLSPEC
  | | |     | |-INT
  | | |     \-STRUCTDECLARATORLIST
  | | |       |-DECLARATOR
  | | |       | \-a
  | | |       |-DECLARATOR
  | | |       | \-ARRAY
  | | |       |   |-b
  | | |       |   \-EMPTY
  | | |       \-DECLARATOR
  | | |         |-POINTER
  | | |         \-c
  | \-INITDECLARATORLIST
  \-FUNC
    |-DECLSPEC
    | |-INT
    |-INITDECLARATOR
    | \-DECLARATOR
    |   \-FUNC
    |     |-main
    |     \-EMPTY
    \-COMPOUNDSTAT
      |-DECLLIST
      | \-DECL
      |   |-DECLSPEC
      |   | |-STRUCTSPEC
      |   | | |-a
      |   | | \-EMPTY
      |   \-INITDECLARATORLIST
      |     \-INITDECLARATOR
      |       \-DECLARATOR
      |         \-a1
      \-STATLIST
        \-RETURN
          \-0

