\-TRANSLATIONUNIT
  |-DECL
  | |-DECLSPEC
  | | |-STRUCTSPEC
  | | | |-b
  | \-EMPTY
  \-DECL
    |-DECLSPEC
    | |-STRUCTSPEC
    | | |-a
    | | \-EMPTY
    \-EMPTY

