(1:1)	CHAR	'\\'	\
(2:1)	CHAR	'\''	'
(3:1)	CHAR	'\"'	"
