(3:1)	IDENTIFIER	m	m
(3:3)	OPERATOR	=	ASSIGN
(3:5)	IDENTIFIER	n	n
(4:1)	OPERATOR	+	ADD
(4:3)	IDENTIFIER	p	p
(4:4)	OPERATOR	;	SEMICOLON
