\-COMMA
  |-COMMA
  | |-a
  | \-b
  \-LESS
    |-a
    \-1

