\-MULT
  |-SUB
  | |-a
  | \-b
  \-ADD
    |-c
    \-->
      |-g
      \-next

