\-TRANSLATIONUNIT
  \-FUNC
    |-DECLSPEC
    | |-INT
    |-INITDECLARATOR
    | \-DECLARATOR
    |   \-FUNC
    |     |-f
    |     \-EMPTY
    \-COMPOUNDSTAT
      |-DECLLIST
      | \-DECL
      |   |-DECLSPEC
      |   | |-INT
      |   \-INITDECLARATORLIST
      |     \-INITDECLARATOR
      |       |-DECLARATOR
      |       | \-a
      |       \-CONDITIONAL_EXP
      |         |-1
      |         |-2
      |         \-3

Structs { }
Symbols {
	FUNC returning VOID
	Arguments{
		STRING :: s
	} :: printf
	FUNC returning VOID
	Arguments{
		STRING :: s
	} :: scanf
	FUNC returning INT
	Arguments{ }
	Structs { }
	Symbols {
		INT :: a
	} :: f
}
