(3:14): semantic error: invalid type argument of unary
