(2:15): semantic error: lvalue required as operand
