(3:9): semantic error: trying to assign to variable of type INT value with type const FLOAT
