(1:7): semantic error: size of array has non-integer type
