(3:15): semantic error: lvalue required as inc or dec operand
