(6:17): semantic error: 'a' has no member named 'a'
