(7:14): semantic error: request for member in something not a structure
