(3:15): semantic error: array subscript is not an integer
