(5:13): semantic error: invalid type argument of '->'
