(4:14): semantic error: INT or FLOAT required as operand
