(2:5): semantic error: jump statement not within loop or switch
