(3:12): semantic error: incompatible types when returning type 'const INT' but 'STRUCT called a' was expected
