(6:12): semantic error: wrong number of arguments
