\-TRANSLATIONUNIT
  \-FUNC
    |-DECLSPEC
    | |-INT
    |-INITDECLARATOR
    | \-DECLARATOR
    |   \-FUNC
    |     |-f
    |     \-EMPTY
    \-COMPOUNDSTAT
      \-STATLIST
        \-IF
          |-1
          |-COMPOUNDSTAT
          | |-DECLLIST
          | | \-DECL
          | |   |-DECLSPEC
          | |   | |-INT
          | |   \-INITDECLARATORLIST
          | |     \-INITDECLARATOR
          | |       |-DECLARATOR
          | |       | \-a
          | |       \-2
          \-EMPTY

Structs { }
Symbols {
	FUNC returning VOID
	Arguments{
		STRING :: s
		INT :: o
	}:: printf
	FUNC returning INT
	Arguments{ }
	Structs { }
	Symbols { } :: f
}
