\-TRANSLATIONUNIT
  \-FUNC
    |-DECLSPEC
    | |-INT
    |-INITDECLARATOR
    | \-DECLARATOR
    |   \-FUNC
    |     |-f
    |     \-EMPTY
    \-COMPOUNDSTAT
      |-DECLLIST
      | |-DECL
      | | |-DECLSPEC
      | | | |-INT
      | | \-INITDECLARATORLIST
      | |   \-INITDECLARATOR
      | |     |-DECLARATOR
      | |     | \-a
      | |     \-1
      | |-DECL
      | | |-DECLSPEC
      | | | |-INT
      | | \-INITDECLARATORLIST
      | |   \-INITDECLARATOR
      | |     |-DECLARATOR
      | |     | \-b
      | |     \-POSTFIX INC
      | |       \-a
      | \-DECL
      |   |-DECLSPEC
      |   | |-INT
      |   \-INITDECLARATORLIST
      |     \-INITDECLARATOR
      |       |-DECLARATOR
      |       | \-c
      |       \-PREFIX INC
      |         \-a

Structs{
}
Symbols{
	FUNC returning INT
	Arguments{
	}
	Structs{
	}
	Symbols{
		INT :: a
		INT :: b
		INT :: c
	} :: f
}
