\-TRANSLATIONUNIT
  \-FUNC
    |-DECLSPEC
    | |-INT
    |-INITDECLARATOR
    | \-DECLARATOR
    |   \-FUNC
    |     |-f
    |     \-EMPTY
    \-COMPOUNDSTAT
      \-STATLIST
        \-FOR
          |-EMPTY
          |-EMPTY
          |-EMPTY
          \-COMPOUNDSTAT
            \-STATLIST
              |-FOR
              | |-EMPTY
              | |-EMPTY
              | |-EMPTY
              | \-COMPOUNDSTAT
              |   \-STATLIST
              |     \-CONTINUE
              \-BREAK

Structs { }
Symbols {
	FUNC returning VOID
	Arguments{
		STRING :: s
		INT :: o
	}:: printf
	FUNC returning INT
	Arguments{ }
	Structs { }
	Symbols { } :: f
}
