(1:5): semantic error: two or more data types in declaration specifiers
