(1:8): semantic error: multiple storage classes in declaration specifiers
