\-TRANSLATIONUNIT
  |-DECL
  | |-DECLSPEC
  | | |-INT
  | \-INITDECLARATORLIST
  |   \-INITDECLARATOR
  |     \-DECLARATOR
  |       \-a
  |-DECL
  | |-DECLSPEC
  | | |-FLOAT
  | \-INITDECLARATORLIST
  |   \-INITDECLARATOR
  |     \-DECLARATOR
  |       \-b
  |-DECL
  | |-DECLSPEC
  | | |-INT
  | \-INITDECLARATORLIST
  |   \-INITDECLARATOR
  |     \-DECLARATOR
  |       |-POINTER
  |       \-c
  |-DECL
  | |-DECLSPEC
  | | |-CONST
  | | \-DECLSPEC
  | |   |-VOLATILE
  | |   \-DECLSPEC
  | |     |-FLOAT
  | \-INITDECLARATORLIST
  |   \-INITDECLARATOR
  |     \-DECLARATOR
  |       \-c1
  \-DECL
    |-DECLSPEC
    | |-INT
    \-INITDECLARATORLIST
      \-INITDECLARATOR
        \-DECLARATOR
          |-POINTER
          | |-TYPEQUALIFIERLIST
          | | \-CONST
          | \-POINTER
          |   |-TYPEQUALIFIERLIST
          |   | \-VOLATILE
          \-b1

Structs { }
Symbols {
	FUNC returning VOID
	Arguments{
		STRING :: s
	} :: printf
	FUNC returning VOID
	Arguments{
		STRING :: s
	} :: scanf
	INT :: a
	FLOAT :: b
	POINTER to INT :: c
	const volatile FLOAT :: c1
	const POINTER to volatile POINTER to INT :: b1
}
